2025-04-02 15:41:23 INFO  BaseTest:21 - Starting Login Test...
2025-04-02 15:41:23 DEBUG PackageRelationshipCollection:309 - Parsing relationship: /xl/_rels/workbook.xml.rels
2025-04-02 15:41:23 DEBUG PackageRelationshipCollection:309 - Parsing relationship: /xl/worksheets/_rels/sheet1.xml.rels
2025-04-02 15:41:23 DEBUG PackageRelationshipCollection:309 - Parsing relationship: /xl/worksheets/_rels/sheet2.xml.rels
2025-04-02 15:41:23 DEBUG PackageRelationshipCollection:309 - Parsing relationship: /xl/worksheets/_rels/sheet3.xml.rels
2025-04-02 15:41:23 DEBUG PackageRelationshipCollection:309 - Parsing relationship: /xl/worksheets/_rels/sheet4.xml.rels
2025-04-02 15:41:23 DEBUG PackageRelationshipCollection:309 - Parsing relationship: /xl/worksheets/_rels/sheet5.xml.rels
2025-04-02 15:41:23 DEBUG PackageRelationshipCollection:309 - Parsing relationship: /xl/worksheets/_rels/sheet6.xml.rels
2025-04-02 15:41:23 DEBUG PackageRelationshipCollection:309 - Parsing relationship: /xl/worksheets/_rels/sheet7.xml.rels
2025-04-02 15:41:23 DEBUG PackageRelationshipCollection:309 - Parsing relationship: /xl/worksheets/_rels/sheet8.xml.rels
2025-04-02 15:41:23 DEBUG PackageRelationshipCollection:309 - Parsing relationship: /xl/worksheets/_rels/sheet9.xml.rels
2025-04-02 15:41:23 DEBUG PackageRelationshipCollection:309 - Parsing relationship: /_rels/.rels
2025-04-02 15:41:24 DEBUG POIXMLFactory:65 - using default POIXMLDocumentPart for http://schemas.openxmlformats.org/officeDocument/2006/relationships/printerSettings
2025-04-02 15:41:24 DEBUG POIXMLFactory:65 - using default POIXMLDocumentPart for http://schemas.openxmlformats.org/officeDocument/2006/relationships/printerSettings
2025-04-02 15:41:24 DEBUG POIXMLFactory:65 - using default POIXMLDocumentPart for http://schemas.openxmlformats.org/officeDocument/2006/relationships/printerSettings
2025-04-02 15:41:24 DEBUG POIXMLFactory:65 - using default POIXMLDocumentPart for http://schemas.openxmlformats.org/officeDocument/2006/relationships/printerSettings
2025-04-02 15:41:24 DEBUG POIXMLFactory:65 - using default POIXMLDocumentPart for http://schemas.openxmlformats.org/officeDocument/2006/relationships/printerSettings
2025-04-02 15:41:36 INFO  BaseTest:39 - added defect category page
2025-04-02 15:41:38 INFO  BaseTest:45 - Starting Login Test...
2025-04-02 15:41:38 DEBUG PackageRelationshipCollection:309 - Parsing relationship: /xl/_rels/workbook.xml.rels
2025-04-02 15:41:38 DEBUG PackageRelationshipCollection:309 - Parsing relationship: /xl/worksheets/_rels/sheet1.xml.rels
2025-04-02 15:41:38 DEBUG PackageRelationshipCollection:309 - Parsing relationship: /xl/worksheets/_rels/sheet2.xml.rels
2025-04-02 15:41:38 DEBUG PackageRelationshipCollection:309 - Parsing relationship: /xl/worksheets/_rels/sheet3.xml.rels
2025-04-02 15:41:38 DEBUG PackageRelationshipCollection:309 - Parsing relationship: /xl/worksheets/_rels/sheet4.xml.rels
2025-04-02 15:41:38 DEBUG PackageRelationshipCollection:309 - Parsing relationship: /xl/worksheets/_rels/sheet5.xml.rels
2025-04-02 15:41:38 DEBUG PackageRelationshipCollection:309 - Parsing relationship: /xl/worksheets/_rels/sheet6.xml.rels
2025-04-02 15:41:38 DEBUG PackageRelationshipCollection:309 - Parsing relationship: /xl/worksheets/_rels/sheet7.xml.rels
2025-04-02 15:41:38 DEBUG PackageRelationshipCollection:309 - Parsing relationship: /xl/worksheets/_rels/sheet8.xml.rels
2025-04-02 15:41:38 DEBUG PackageRelationshipCollection:309 - Parsing relationship: /xl/worksheets/_rels/sheet9.xml.rels
2025-04-02 15:41:38 DEBUG PackageRelationshipCollection:309 - Parsing relationship: /_rels/.rels
2025-04-02 15:41:38 DEBUG POIXMLFactory:65 - using default POIXMLDocumentPart for http://schemas.openxmlformats.org/officeDocument/2006/relationships/printerSettings
2025-04-02 15:41:38 DEBUG POIXMLFactory:65 - using default POIXMLDocumentPart for http://schemas.openxmlformats.org/officeDocument/2006/relationships/printerSettings
2025-04-02 15:41:38 DEBUG POIXMLFactory:65 - using default POIXMLDocumentPart for http://schemas.openxmlformats.org/officeDocument/2006/relationships/printerSettings
2025-04-02 15:41:38 DEBUG POIXMLFactory:65 - using default POIXMLDocumentPart for http://schemas.openxmlformats.org/officeDocument/2006/relationships/printerSettings
2025-04-02 15:41:38 DEBUG POIXMLFactory:65 - using default POIXMLDocumentPart for http://schemas.openxmlformats.org/officeDocument/2006/relationships/printerSettings
2025-04-02 15:41:50 INFO  BaseTest:63 - search and edit the record from table
2025-04-02 15:41:52 INFO  BaseTest:69 - Starting Login Test...
2025-04-02 15:41:53 DEBUG PackageRelationshipCollection:309 - Parsing relationship: /xl/_rels/workbook.xml.rels
2025-04-02 15:41:53 DEBUG PackageRelationshipCollection:309 - Parsing relationship: /xl/worksheets/_rels/sheet1.xml.rels
2025-04-02 15:41:53 DEBUG PackageRelationshipCollection:309 - Parsing relationship: /xl/worksheets/_rels/sheet2.xml.rels
2025-04-02 15:41:53 DEBUG PackageRelationshipCollection:309 - Parsing relationship: /xl/worksheets/_rels/sheet3.xml.rels
2025-04-02 15:41:53 DEBUG PackageRelationshipCollection:309 - Parsing relationship: /xl/worksheets/_rels/sheet4.xml.rels
2025-04-02 15:41:53 DEBUG PackageRelationshipCollection:309 - Parsing relationship: /xl/worksheets/_rels/sheet5.xml.rels
2025-04-02 15:41:53 DEBUG PackageRelationshipCollection:309 - Parsing relationship: /xl/worksheets/_rels/sheet6.xml.rels
2025-04-02 15:41:53 DEBUG PackageRelationshipCollection:309 - Parsing relationship: /xl/worksheets/_rels/sheet7.xml.rels
2025-04-02 15:41:53 DEBUG PackageRelationshipCollection:309 - Parsing relationship: /xl/worksheets/_rels/sheet8.xml.rels
2025-04-02 15:41:53 DEBUG PackageRelationshipCollection:309 - Parsing relationship: /xl/worksheets/_rels/sheet9.xml.rels
2025-04-02 15:41:53 DEBUG PackageRelationshipCollection:309 - Parsing relationship: /_rels/.rels
2025-04-02 15:41:53 DEBUG POIXMLFactory:65 - using default POIXMLDocumentPart for http://schemas.openxmlformats.org/officeDocument/2006/relationships/printerSettings
2025-04-02 15:41:53 DEBUG POIXMLFactory:65 - using default POIXMLDocumentPart for http://schemas.openxmlformats.org/officeDocument/2006/relationships/printerSettings
2025-04-02 15:41:53 DEBUG POIXMLFactory:65 - using default POIXMLDocumentPart for http://schemas.openxmlformats.org/officeDocument/2006/relationships/printerSettings
2025-04-02 15:41:53 DEBUG POIXMLFactory:65 - using default POIXMLDocumentPart for http://schemas.openxmlformats.org/officeDocument/2006/relationships/printerSettings
2025-04-02 15:41:53 DEBUG POIXMLFactory:65 - using default POIXMLDocumentPart for http://schemas.openxmlformats.org/officeDocument/2006/relationships/printerSettings
2025-04-02 15:42:05 INFO  BaseTest:86 - search and deleted the record from table
2025-04-02 15:42:07 INFO  BaseTest:22 - Starting Login Test...
2025-04-02 15:42:07 DEBUG PackageRelationshipCollection:309 - Parsing relationship: /xl/_rels/workbook.xml.rels
2025-04-02 15:42:07 DEBUG PackageRelationshipCollection:309 - Parsing relationship: /xl/worksheets/_rels/sheet1.xml.rels
2025-04-02 15:42:07 DEBUG PackageRelationshipCollection:309 - Parsing relationship: /xl/worksheets/_rels/sheet2.xml.rels
2025-04-02 15:42:07 DEBUG PackageRelationshipCollection:309 - Parsing relationship: /xl/worksheets/_rels/sheet3.xml.rels
2025-04-02 15:42:07 DEBUG PackageRelationshipCollection:309 - Parsing relationship: /xl/worksheets/_rels/sheet4.xml.rels
2025-04-02 15:42:07 DEBUG PackageRelationshipCollection:309 - Parsing relationship: /xl/worksheets/_rels/sheet5.xml.rels
2025-04-02 15:42:07 DEBUG PackageRelationshipCollection:309 - Parsing relationship: /xl/worksheets/_rels/sheet6.xml.rels
2025-04-02 15:42:07 DEBUG PackageRelationshipCollection:309 - Parsing relationship: /xl/worksheets/_rels/sheet7.xml.rels
2025-04-02 15:42:07 DEBUG PackageRelationshipCollection:309 - Parsing relationship: /xl/worksheets/_rels/sheet8.xml.rels
2025-04-02 15:42:07 DEBUG PackageRelationshipCollection:309 - Parsing relationship: /xl/worksheets/_rels/sheet9.xml.rels
2025-04-02 15:42:07 DEBUG PackageRelationshipCollection:309 - Parsing relationship: /_rels/.rels
2025-04-02 15:42:07 DEBUG POIXMLFactory:65 - using default POIXMLDocumentPart for http://schemas.openxmlformats.org/officeDocument/2006/relationships/printerSettings
2025-04-02 15:42:07 DEBUG POIXMLFactory:65 - using default POIXMLDocumentPart for http://schemas.openxmlformats.org/officeDocument/2006/relationships/printerSettings
2025-04-02 15:42:07 DEBUG POIXMLFactory:65 - using default POIXMLDocumentPart for http://schemas.openxmlformats.org/officeDocument/2006/relationships/printerSettings
2025-04-02 15:42:07 DEBUG POIXMLFactory:65 - using default POIXMLDocumentPart for http://schemas.openxmlformats.org/officeDocument/2006/relationships/printerSettings
2025-04-02 15:42:07 DEBUG POIXMLFactory:65 - using default POIXMLDocumentPart for http://schemas.openxmlformats.org/officeDocument/2006/relationships/printerSettings
2025-04-02 15:42:08 INFO  BaseTest:32 - Entered user name and password.
2025-04-02 15:42:19 INFO  BaseTest:46 - Successfully added defect category page
2025-04-02 15:42:21 INFO  BaseTest:52 - Starting Login Test...
2025-04-02 15:42:21 DEBUG PackageRelationshipCollection:309 - Parsing relationship: /xl/_rels/workbook.xml.rels
2025-04-02 15:42:21 DEBUG PackageRelationshipCollection:309 - Parsing relationship: /xl/worksheets/_rels/sheet1.xml.rels
2025-04-02 15:42:21 DEBUG PackageRelationshipCollection:309 - Parsing relationship: /xl/worksheets/_rels/sheet2.xml.rels
2025-04-02 15:42:21 DEBUG PackageRelationshipCollection:309 - Parsing relationship: /xl/worksheets/_rels/sheet3.xml.rels
2025-04-02 15:42:21 DEBUG PackageRelationshipCollection:309 - Parsing relationship: /xl/worksheets/_rels/sheet4.xml.rels
2025-04-02 15:42:21 DEBUG PackageRelationshipCollection:309 - Parsing relationship: /xl/worksheets/_rels/sheet5.xml.rels
2025-04-02 15:42:21 DEBUG PackageRelationshipCollection:309 - Parsing relationship: /xl/worksheets/_rels/sheet6.xml.rels
2025-04-02 15:42:21 DEBUG PackageRelationshipCollection:309 - Parsing relationship: /xl/worksheets/_rels/sheet7.xml.rels
2025-04-02 15:42:21 DEBUG PackageRelationshipCollection:309 - Parsing relationship: /xl/worksheets/_rels/sheet8.xml.rels
2025-04-02 15:42:21 DEBUG PackageRelationshipCollection:309 - Parsing relationship: /xl/worksheets/_rels/sheet9.xml.rels
2025-04-02 15:42:21 DEBUG PackageRelationshipCollection:309 - Parsing relationship: /_rels/.rels
2025-04-02 15:42:21 DEBUG POIXMLFactory:65 - using default POIXMLDocumentPart for http://schemas.openxmlformats.org/officeDocument/2006/relationships/printerSettings
2025-04-02 15:42:21 DEBUG POIXMLFactory:65 - using default POIXMLDocumentPart for http://schemas.openxmlformats.org/officeDocument/2006/relationships/printerSettings
2025-04-02 15:42:21 DEBUG POIXMLFactory:65 - using default POIXMLDocumentPart for http://schemas.openxmlformats.org/officeDocument/2006/relationships/printerSettings
2025-04-02 15:42:21 DEBUG POIXMLFactory:65 - using default POIXMLDocumentPart for http://schemas.openxmlformats.org/officeDocument/2006/relationships/printerSettings
2025-04-02 15:42:21 DEBUG POIXMLFactory:65 - using default POIXMLDocumentPart for http://schemas.openxmlformats.org/officeDocument/2006/relationships/printerSettings
2025-04-02 15:42:22 INFO  BaseTest:65 - Entered user name and password.
2025-04-02 15:42:34 INFO  BaseTest:72 - search and edit the record from table
2025-04-02 15:42:36 INFO  BaseTest:78 - Starting Login Test...
2025-04-02 15:42:36 DEBUG PackageRelationshipCollection:309 - Parsing relationship: /xl/_rels/workbook.xml.rels
2025-04-02 15:42:36 DEBUG PackageRelationshipCollection:309 - Parsing relationship: /xl/worksheets/_rels/sheet1.xml.rels
2025-04-02 15:42:36 DEBUG PackageRelationshipCollection:309 - Parsing relationship: /xl/worksheets/_rels/sheet2.xml.rels
2025-04-02 15:42:36 DEBUG PackageRelationshipCollection:309 - Parsing relationship: /xl/worksheets/_rels/sheet3.xml.rels
2025-04-02 15:42:36 DEBUG PackageRelationshipCollection:309 - Parsing relationship: /xl/worksheets/_rels/sheet4.xml.rels
2025-04-02 15:42:36 DEBUG PackageRelationshipCollection:309 - Parsing relationship: /xl/worksheets/_rels/sheet5.xml.rels
2025-04-02 15:42:36 DEBUG PackageRelationshipCollection:309 - Parsing relationship: /xl/worksheets/_rels/sheet6.xml.rels
2025-04-02 15:42:36 DEBUG PackageRelationshipCollection:309 - Parsing relationship: /xl/worksheets/_rels/sheet7.xml.rels
2025-04-02 15:42:36 DEBUG PackageRelationshipCollection:309 - Parsing relationship: /xl/worksheets/_rels/sheet8.xml.rels
2025-04-02 15:42:36 DEBUG PackageRelationshipCollection:309 - Parsing relationship: /xl/worksheets/_rels/sheet9.xml.rels
2025-04-02 15:42:36 DEBUG PackageRelationshipCollection:309 - Parsing relationship: /_rels/.rels
2025-04-02 15:42:36 DEBUG POIXMLFactory:65 - using default POIXMLDocumentPart for http://schemas.openxmlformats.org/officeDocument/2006/relationships/printerSettings
2025-04-02 15:42:36 DEBUG POIXMLFactory:65 - using default POIXMLDocumentPart for http://schemas.openxmlformats.org/officeDocument/2006/relationships/printerSettings
2025-04-02 15:42:36 DEBUG POIXMLFactory:65 - using default POIXMLDocumentPart for http://schemas.openxmlformats.org/officeDocument/2006/relationships/printerSettings
2025-04-02 15:42:36 DEBUG POIXMLFactory:65 - using default POIXMLDocumentPart for http://schemas.openxmlformats.org/officeDocument/2006/relationships/printerSettings
2025-04-02 15:42:36 DEBUG POIXMLFactory:65 - using default POIXMLDocumentPart for http://schemas.openxmlformats.org/officeDocument/2006/relationships/printerSettings
2025-04-02 15:42:37 INFO  BaseTest:88 - Entered user name and password.
2025-04-02 15:42:48 INFO  BaseTest:94 - search and deleted the record from table
2025-04-02 15:42:50 INFO  BaseTest:22 - Starting Login Test...
2025-04-02 15:42:50 DEBUG PackageRelationshipCollection:309 - Parsing relationship: /xl/_rels/workbook.xml.rels
2025-04-02 15:42:50 DEBUG PackageRelationshipCollection:309 - Parsing relationship: /xl/worksheets/_rels/sheet1.xml.rels
2025-04-02 15:42:50 DEBUG PackageRelationshipCollection:309 - Parsing relationship: /xl/worksheets/_rels/sheet2.xml.rels
2025-04-02 15:42:50 DEBUG PackageRelationshipCollection:309 - Parsing relationship: /xl/worksheets/_rels/sheet3.xml.rels
2025-04-02 15:42:50 DEBUG PackageRelationshipCollection:309 - Parsing relationship: /xl/worksheets/_rels/sheet4.xml.rels
2025-04-02 15:42:50 DEBUG PackageRelationshipCollection:309 - Parsing relationship: /xl/worksheets/_rels/sheet5.xml.rels
2025-04-02 15:42:50 DEBUG PackageRelationshipCollection:309 - Parsing relationship: /xl/worksheets/_rels/sheet6.xml.rels
2025-04-02 15:42:50 DEBUG PackageRelationshipCollection:309 - Parsing relationship: /xl/worksheets/_rels/sheet7.xml.rels
2025-04-02 15:42:50 DEBUG PackageRelationshipCollection:309 - Parsing relationship: /xl/worksheets/_rels/sheet8.xml.rels
2025-04-02 15:42:50 DEBUG PackageRelationshipCollection:309 - Parsing relationship: /xl/worksheets/_rels/sheet9.xml.rels
2025-04-02 15:42:50 DEBUG PackageRelationshipCollection:309 - Parsing relationship: /_rels/.rels
2025-04-02 15:42:50 DEBUG POIXMLFactory:65 - using default POIXMLDocumentPart for http://schemas.openxmlformats.org/officeDocument/2006/relationships/printerSettings
2025-04-02 15:42:50 DEBUG POIXMLFactory:65 - using default POIXMLDocumentPart for http://schemas.openxmlformats.org/officeDocument/2006/relationships/printerSettings
2025-04-02 15:42:50 DEBUG POIXMLFactory:65 - using default POIXMLDocumentPart for http://schemas.openxmlformats.org/officeDocument/2006/relationships/printerSettings
2025-04-02 15:42:50 DEBUG POIXMLFactory:65 - using default POIXMLDocumentPart for http://schemas.openxmlformats.org/officeDocument/2006/relationships/printerSettings
2025-04-02 15:42:50 DEBUG POIXMLFactory:65 - using default POIXMLDocumentPart for http://schemas.openxmlformats.org/officeDocument/2006/relationships/printerSettings
2025-04-02 15:42:51 INFO  BaseTest:34 - Entered user name and password.
2025-04-02 15:43:02 INFO  BaseTest:45 - added defect category page
2025-04-02 15:43:04 INFO  BaseTest:51 - Starting Login Test...
2025-04-02 15:43:04 DEBUG PackageRelationshipCollection:309 - Parsing relationship: /xl/_rels/workbook.xml.rels
2025-04-02 15:43:04 DEBUG PackageRelationshipCollection:309 - Parsing relationship: /xl/worksheets/_rels/sheet1.xml.rels
2025-04-02 15:43:04 DEBUG PackageRelationshipCollection:309 - Parsing relationship: /xl/worksheets/_rels/sheet2.xml.rels
2025-04-02 15:43:04 DEBUG PackageRelationshipCollection:309 - Parsing relationship: /xl/worksheets/_rels/sheet3.xml.rels
2025-04-02 15:43:04 DEBUG PackageRelationshipCollection:309 - Parsing relationship: /xl/worksheets/_rels/sheet4.xml.rels
2025-04-02 15:43:04 DEBUG PackageRelationshipCollection:309 - Parsing relationship: /xl/worksheets/_rels/sheet5.xml.rels
2025-04-02 15:43:04 DEBUG PackageRelationshipCollection:309 - Parsing relationship: /xl/worksheets/_rels/sheet6.xml.rels
2025-04-02 15:43:04 DEBUG PackageRelationshipCollection:309 - Parsing relationship: /xl/worksheets/_rels/sheet7.xml.rels
2025-04-02 15:43:04 DEBUG PackageRelationshipCollection:309 - Parsing relationship: /xl/worksheets/_rels/sheet8.xml.rels
2025-04-02 15:43:04 DEBUG PackageRelationshipCollection:309 - Parsing relationship: /xl/worksheets/_rels/sheet9.xml.rels
2025-04-02 15:43:04 DEBUG PackageRelationshipCollection:309 - Parsing relationship: /_rels/.rels
2025-04-02 15:43:04 DEBUG POIXMLFactory:65 - using default POIXMLDocumentPart for http://schemas.openxmlformats.org/officeDocument/2006/relationships/printerSettings
2025-04-02 15:43:04 DEBUG POIXMLFactory:65 - using default POIXMLDocumentPart for http://schemas.openxmlformats.org/officeDocument/2006/relationships/printerSettings
2025-04-02 15:43:04 DEBUG POIXMLFactory:65 - using default POIXMLDocumentPart for http://schemas.openxmlformats.org/officeDocument/2006/relationships/printerSettings
2025-04-02 15:43:04 DEBUG POIXMLFactory:65 - using default POIXMLDocumentPart for http://schemas.openxmlformats.org/officeDocument/2006/relationships/printerSettings
2025-04-02 15:43:04 DEBUG POIXMLFactory:65 - using default POIXMLDocumentPart for http://schemas.openxmlformats.org/officeDocument/2006/relationships/printerSettings
2025-04-02 15:43:05 INFO  BaseTest:64 - Entered user name and password.
2025-04-02 15:43:16 INFO  BaseTest:70 - search and edit the record from table
2025-04-02 15:43:18 INFO  BaseTest:76 - Starting Login Test...
2025-04-02 15:43:18 DEBUG PackageRelationshipCollection:309 - Parsing relationship: /xl/_rels/workbook.xml.rels
2025-04-02 15:43:18 DEBUG PackageRelationshipCollection:309 - Parsing relationship: /xl/worksheets/_rels/sheet1.xml.rels
2025-04-02 15:43:18 DEBUG PackageRelationshipCollection:309 - Parsing relationship: /xl/worksheets/_rels/sheet2.xml.rels
2025-04-02 15:43:18 DEBUG PackageRelationshipCollection:309 - Parsing relationship: /xl/worksheets/_rels/sheet3.xml.rels
2025-04-02 15:43:18 DEBUG PackageRelationshipCollection:309 - Parsing relationship: /xl/worksheets/_rels/sheet4.xml.rels
2025-04-02 15:43:18 DEBUG PackageRelationshipCollection:309 - Parsing relationship: /xl/worksheets/_rels/sheet5.xml.rels
2025-04-02 15:43:18 DEBUG PackageRelationshipCollection:309 - Parsing relationship: /xl/worksheets/_rels/sheet6.xml.rels
2025-04-02 15:43:18 DEBUG PackageRelationshipCollection:309 - Parsing relationship: /xl/worksheets/_rels/sheet7.xml.rels
2025-04-02 15:43:18 DEBUG PackageRelationshipCollection:309 - Parsing relationship: /xl/worksheets/_rels/sheet8.xml.rels
2025-04-02 15:43:18 DEBUG PackageRelationshipCollection:309 - Parsing relationship: /xl/worksheets/_rels/sheet9.xml.rels
2025-04-02 15:43:18 DEBUG PackageRelationshipCollection:309 - Parsing relationship: /_rels/.rels
2025-04-02 15:43:18 DEBUG POIXMLFactory:65 - using default POIXMLDocumentPart for http://schemas.openxmlformats.org/officeDocument/2006/relationships/printerSettings
2025-04-02 15:43:18 DEBUG POIXMLFactory:65 - using default POIXMLDocumentPart for http://schemas.openxmlformats.org/officeDocument/2006/relationships/printerSettings
2025-04-02 15:43:18 DEBUG POIXMLFactory:65 - using default POIXMLDocumentPart for http://schemas.openxmlformats.org/officeDocument/2006/relationships/printerSettings
2025-04-02 15:43:18 DEBUG POIXMLFactory:65 - using default POIXMLDocumentPart for http://schemas.openxmlformats.org/officeDocument/2006/relationships/printerSettings
2025-04-02 15:43:18 DEBUG POIXMLFactory:65 - using default POIXMLDocumentPart for http://schemas.openxmlformats.org/officeDocument/2006/relationships/printerSettings
2025-04-02 15:43:19 INFO  BaseTest:89 - Entered user name and password.
2025-04-02 15:43:31 INFO  BaseTest:95 - search and deleted the record from table
2025-04-02 15:43:33 INFO  BaseTest:22 - Starting Login Test...
2025-04-02 15:43:33 DEBUG PackageRelationshipCollection:309 - Parsing relationship: /xl/_rels/workbook.xml.rels
2025-04-02 15:43:33 DEBUG PackageRelationshipCollection:309 - Parsing relationship: /xl/worksheets/_rels/sheet1.xml.rels
2025-04-02 15:43:33 DEBUG PackageRelationshipCollection:309 - Parsing relationship: /xl/worksheets/_rels/sheet2.xml.rels
2025-04-02 15:43:33 DEBUG PackageRelationshipCollection:309 - Parsing relationship: /xl/worksheets/_rels/sheet3.xml.rels
2025-04-02 15:43:33 DEBUG PackageRelationshipCollection:309 - Parsing relationship: /xl/worksheets/_rels/sheet4.xml.rels
2025-04-02 15:43:33 DEBUG PackageRelationshipCollection:309 - Parsing relationship: /xl/worksheets/_rels/sheet5.xml.rels
2025-04-02 15:43:33 DEBUG PackageRelationshipCollection:309 - Parsing relationship: /xl/worksheets/_rels/sheet6.xml.rels
2025-04-02 15:43:33 DEBUG PackageRelationshipCollection:309 - Parsing relationship: /xl/worksheets/_rels/sheet7.xml.rels
2025-04-02 15:43:33 DEBUG PackageRelationshipCollection:309 - Parsing relationship: /xl/worksheets/_rels/sheet8.xml.rels
2025-04-02 15:43:33 DEBUG PackageRelationshipCollection:309 - Parsing relationship: /xl/worksheets/_rels/sheet9.xml.rels
2025-04-02 15:43:33 DEBUG PackageRelationshipCollection:309 - Parsing relationship: /_rels/.rels
2025-04-02 15:43:33 DEBUG POIXMLFactory:65 - using default POIXMLDocumentPart for http://schemas.openxmlformats.org/officeDocument/2006/relationships/printerSettings
2025-04-02 15:43:33 DEBUG POIXMLFactory:65 - using default POIXMLDocumentPart for http://schemas.openxmlformats.org/officeDocument/2006/relationships/printerSettings
2025-04-02 15:43:33 DEBUG POIXMLFactory:65 - using default POIXMLDocumentPart for http://schemas.openxmlformats.org/officeDocument/2006/relationships/printerSettings
2025-04-02 15:43:33 DEBUG POIXMLFactory:65 - using default POIXMLDocumentPart for http://schemas.openxmlformats.org/officeDocument/2006/relationships/printerSettings
2025-04-02 15:43:33 DEBUG POIXMLFactory:65 - using default POIXMLDocumentPart for http://schemas.openxmlformats.org/officeDocument/2006/relationships/printerSettings
2025-04-02 15:43:34 INFO  BaseTest:34 - Entered user name and password.
2025-04-02 15:43:45 INFO  BaseTest:45 - added defect category page
2025-04-02 15:43:47 INFO  BaseTest:52 - Starting Login Test...
2025-04-02 15:43:47 DEBUG PackageRelationshipCollection:309 - Parsing relationship: /xl/_rels/workbook.xml.rels
2025-04-02 15:43:47 DEBUG PackageRelationshipCollection:309 - Parsing relationship: /xl/worksheets/_rels/sheet1.xml.rels
2025-04-02 15:43:47 DEBUG PackageRelationshipCollection:309 - Parsing relationship: /xl/worksheets/_rels/sheet2.xml.rels
2025-04-02 15:43:47 DEBUG PackageRelationshipCollection:309 - Parsing relationship: /xl/worksheets/_rels/sheet3.xml.rels
2025-04-02 15:43:47 DEBUG PackageRelationshipCollection:309 - Parsing relationship: /xl/worksheets/_rels/sheet4.xml.rels
2025-04-02 15:43:47 DEBUG PackageRelationshipCollection:309 - Parsing relationship: /xl/worksheets/_rels/sheet5.xml.rels
2025-04-02 15:43:47 DEBUG PackageRelationshipCollection:309 - Parsing relationship: /xl/worksheets/_rels/sheet6.xml.rels
2025-04-02 15:43:47 DEBUG PackageRelationshipCollection:309 - Parsing relationship: /xl/worksheets/_rels/sheet7.xml.rels
2025-04-02 15:43:47 DEBUG PackageRelationshipCollection:309 - Parsing relationship: /xl/worksheets/_rels/sheet8.xml.rels
2025-04-02 15:43:47 DEBUG PackageRelationshipCollection:309 - Parsing relationship: /xl/worksheets/_rels/sheet9.xml.rels
2025-04-02 15:43:47 DEBUG PackageRelationshipCollection:309 - Parsing relationship: /_rels/.rels
2025-04-02 15:43:47 DEBUG POIXMLFactory:65 - using default POIXMLDocumentPart for http://schemas.openxmlformats.org/officeDocument/2006/relationships/printerSettings
2025-04-02 15:43:47 DEBUG POIXMLFactory:65 - using default POIXMLDocumentPart for http://schemas.openxmlformats.org/officeDocument/2006/relationships/printerSettings
2025-04-02 15:43:47 DEBUG POIXMLFactory:65 - using default POIXMLDocumentPart for http://schemas.openxmlformats.org/officeDocument/2006/relationships/printerSettings
2025-04-02 15:43:47 DEBUG POIXMLFactory:65 - using default POIXMLDocumentPart for http://schemas.openxmlformats.org/officeDocument/2006/relationships/printerSettings
2025-04-02 15:43:47 DEBUG POIXMLFactory:65 - using default POIXMLDocumentPart for http://schemas.openxmlformats.org/officeDocument/2006/relationships/printerSettings
2025-04-02 15:43:48 INFO  BaseTest:65 - Entered user name and password.
2025-04-02 15:44:00 INFO  BaseTest:76 - search and edit the record from table
2025-04-02 15:44:03 INFO  BaseTest:83 - Starting Login Test...
2025-04-02 15:44:03 DEBUG PackageRelationshipCollection:309 - Parsing relationship: /xl/_rels/workbook.xml.rels
2025-04-02 15:44:03 DEBUG PackageRelationshipCollection:309 - Parsing relationship: /xl/worksheets/_rels/sheet1.xml.rels
2025-04-02 15:44:03 DEBUG PackageRelationshipCollection:309 - Parsing relationship: /xl/worksheets/_rels/sheet2.xml.rels
2025-04-02 15:44:03 DEBUG PackageRelationshipCollection:309 - Parsing relationship: /xl/worksheets/_rels/sheet3.xml.rels
2025-04-02 15:44:03 DEBUG PackageRelationshipCollection:309 - Parsing relationship: /xl/worksheets/_rels/sheet4.xml.rels
2025-04-02 15:44:03 DEBUG PackageRelationshipCollection:309 - Parsing relationship: /xl/worksheets/_rels/sheet5.xml.rels
2025-04-02 15:44:03 DEBUG PackageRelationshipCollection:309 - Parsing relationship: /xl/worksheets/_rels/sheet6.xml.rels
2025-04-02 15:44:03 DEBUG PackageRelationshipCollection:309 - Parsing relationship: /xl/worksheets/_rels/sheet7.xml.rels
2025-04-02 15:44:03 DEBUG PackageRelationshipCollection:309 - Parsing relationship: /xl/worksheets/_rels/sheet8.xml.rels
2025-04-02 15:44:03 DEBUG PackageRelationshipCollection:309 - Parsing relationship: /xl/worksheets/_rels/sheet9.xml.rels
2025-04-02 15:44:03 DEBUG PackageRelationshipCollection:309 - Parsing relationship: /_rels/.rels
2025-04-02 15:44:03 DEBUG POIXMLFactory:65 - using default POIXMLDocumentPart for http://schemas.openxmlformats.org/officeDocument/2006/relationships/printerSettings
2025-04-02 15:44:03 DEBUG POIXMLFactory:65 - using default POIXMLDocumentPart for http://schemas.openxmlformats.org/officeDocument/2006/relationships/printerSettings
2025-04-02 15:44:03 DEBUG POIXMLFactory:65 - using default POIXMLDocumentPart for http://schemas.openxmlformats.org/officeDocument/2006/relationships/printerSettings
2025-04-02 15:44:03 DEBUG POIXMLFactory:65 - using default POIXMLDocumentPart for http://schemas.openxmlformats.org/officeDocument/2006/relationships/printerSettings
2025-04-02 15:44:03 DEBUG POIXMLFactory:65 - using default POIXMLDocumentPart for http://schemas.openxmlformats.org/officeDocument/2006/relationships/printerSettings
2025-04-02 15:44:04 INFO  BaseTest:95 - Entered user name and password.
2025-04-02 15:44:20 INFO  BaseTest:101 - search and deleted the record from table
2025-04-02 15:44:22 INFO  BaseTest:48 - Starting Login Test...
2025-04-02 15:44:22 DEBUG PackageRelationshipCollection:309 - Parsing relationship: /xl/_rels/workbook.xml.rels
2025-04-02 15:44:22 DEBUG PackageRelationshipCollection:309 - Parsing relationship: /xl/worksheets/_rels/sheet1.xml.rels
2025-04-02 15:44:22 DEBUG PackageRelationshipCollection:309 - Parsing relationship: /xl/worksheets/_rels/sheet2.xml.rels
2025-04-02 15:44:22 DEBUG PackageRelationshipCollection:309 - Parsing relationship: /xl/worksheets/_rels/sheet3.xml.rels
2025-04-02 15:44:22 DEBUG PackageRelationshipCollection:309 - Parsing relationship: /xl/worksheets/_rels/sheet4.xml.rels
2025-04-02 15:44:22 DEBUG PackageRelationshipCollection:309 - Parsing relationship: /xl/worksheets/_rels/sheet5.xml.rels
2025-04-02 15:44:22 DEBUG PackageRelationshipCollection:309 - Parsing relationship: /xl/worksheets/_rels/sheet6.xml.rels
2025-04-02 15:44:22 DEBUG PackageRelationshipCollection:309 - Parsing relationship: /xl/worksheets/_rels/sheet7.xml.rels
2025-04-02 15:44:22 DEBUG PackageRelationshipCollection:309 - Parsing relationship: /xl/worksheets/_rels/sheet8.xml.rels
2025-04-02 15:44:22 DEBUG PackageRelationshipCollection:309 - Parsing relationship: /xl/worksheets/_rels/sheet9.xml.rels
2025-04-02 15:44:22 DEBUG PackageRelationshipCollection:309 - Parsing relationship: /_rels/.rels
2025-04-02 15:44:22 DEBUG POIXMLFactory:65 - using default POIXMLDocumentPart for http://schemas.openxmlformats.org/officeDocument/2006/relationships/printerSettings
2025-04-02 15:44:23 DEBUG POIXMLFactory:65 - using default POIXMLDocumentPart for http://schemas.openxmlformats.org/officeDocument/2006/relationships/printerSettings
2025-04-02 15:44:23 DEBUG POIXMLFactory:65 - using default POIXMLDocumentPart for http://schemas.openxmlformats.org/officeDocument/2006/relationships/printerSettings
2025-04-02 15:44:23 DEBUG POIXMLFactory:65 - using default POIXMLDocumentPart for http://schemas.openxmlformats.org/officeDocument/2006/relationships/printerSettings
2025-04-02 15:44:23 DEBUG POIXMLFactory:65 - using default POIXMLDocumentPart for http://schemas.openxmlformats.org/officeDocument/2006/relationships/printerSettings
2025-04-02 15:44:30 INFO  BaseTest:64 - Excecution is completed
2025-04-02 15:44:32 INFO  BaseTest:22 - Starting Login Test...
2025-04-02 15:44:32 DEBUG PackageRelationshipCollection:309 - Parsing relationship: /xl/_rels/workbook.xml.rels
2025-04-02 15:44:32 DEBUG PackageRelationshipCollection:309 - Parsing relationship: /xl/worksheets/_rels/sheet1.xml.rels
2025-04-02 15:44:32 DEBUG PackageRelationshipCollection:309 - Parsing relationship: /xl/worksheets/_rels/sheet2.xml.rels
2025-04-02 15:44:32 DEBUG PackageRelationshipCollection:309 - Parsing relationship: /xl/worksheets/_rels/sheet3.xml.rels
2025-04-02 15:44:32 DEBUG PackageRelationshipCollection:309 - Parsing relationship: /xl/worksheets/_rels/sheet4.xml.rels
2025-04-02 15:44:32 DEBUG PackageRelationshipCollection:309 - Parsing relationship: /xl/worksheets/_rels/sheet5.xml.rels
2025-04-02 15:44:32 DEBUG PackageRelationshipCollection:309 - Parsing relationship: /xl/worksheets/_rels/sheet6.xml.rels
2025-04-02 15:44:32 DEBUG PackageRelationshipCollection:309 - Parsing relationship: /xl/worksheets/_rels/sheet7.xml.rels
2025-04-02 15:44:32 DEBUG PackageRelationshipCollection:309 - Parsing relationship: /xl/worksheets/_rels/sheet8.xml.rels
2025-04-02 15:44:32 DEBUG PackageRelationshipCollection:309 - Parsing relationship: /xl/worksheets/_rels/sheet9.xml.rels
2025-04-02 15:44:32 DEBUG PackageRelationshipCollection:309 - Parsing relationship: /_rels/.rels
2025-04-02 15:44:32 DEBUG POIXMLFactory:65 - using default POIXMLDocumentPart for http://schemas.openxmlformats.org/officeDocument/2006/relationships/printerSettings
2025-04-02 15:44:32 DEBUG POIXMLFactory:65 - using default POIXMLDocumentPart for http://schemas.openxmlformats.org/officeDocument/2006/relationships/printerSettings
2025-04-02 15:44:32 DEBUG POIXMLFactory:65 - using default POIXMLDocumentPart for http://schemas.openxmlformats.org/officeDocument/2006/relationships/printerSettings
2025-04-02 15:44:32 DEBUG POIXMLFactory:65 - using default POIXMLDocumentPart for http://schemas.openxmlformats.org/officeDocument/2006/relationships/printerSettings
2025-04-02 15:44:32 DEBUG POIXMLFactory:65 - using default POIXMLDocumentPart for http://schemas.openxmlformats.org/officeDocument/2006/relationships/printerSettings
2025-04-02 15:44:42 INFO  BaseTest:22 - Starting Login Test...
2025-04-02 15:44:42 DEBUG PackageRelationshipCollection:309 - Parsing relationship: /xl/_rels/workbook.xml.rels
2025-04-02 15:44:42 DEBUG PackageRelationshipCollection:309 - Parsing relationship: /xl/worksheets/_rels/sheet1.xml.rels
2025-04-02 15:44:43 DEBUG PackageRelationshipCollection:309 - Parsing relationship: /xl/worksheets/_rels/sheet2.xml.rels
2025-04-02 15:44:43 DEBUG PackageRelationshipCollection:309 - Parsing relationship: /xl/worksheets/_rels/sheet3.xml.rels
2025-04-02 15:44:43 DEBUG PackageRelationshipCollection:309 - Parsing relationship: /xl/worksheets/_rels/sheet4.xml.rels
2025-04-02 15:44:43 DEBUG PackageRelationshipCollection:309 - Parsing relationship: /xl/worksheets/_rels/sheet5.xml.rels
2025-04-02 15:44:43 DEBUG PackageRelationshipCollection:309 - Parsing relationship: /xl/worksheets/_rels/sheet6.xml.rels
2025-04-02 15:44:43 DEBUG PackageRelationshipCollection:309 - Parsing relationship: /xl/worksheets/_rels/sheet7.xml.rels
2025-04-02 15:44:43 DEBUG PackageRelationshipCollection:309 - Parsing relationship: /xl/worksheets/_rels/sheet8.xml.rels
2025-04-02 15:44:43 DEBUG PackageRelationshipCollection:309 - Parsing relationship: /xl/worksheets/_rels/sheet9.xml.rels
2025-04-02 15:44:43 DEBUG PackageRelationshipCollection:309 - Parsing relationship: /_rels/.rels
2025-04-02 15:44:43 DEBUG POIXMLFactory:65 - using default POIXMLDocumentPart for http://schemas.openxmlformats.org/officeDocument/2006/relationships/printerSettings
2025-04-02 15:44:43 DEBUG POIXMLFactory:65 - using default POIXMLDocumentPart for http://schemas.openxmlformats.org/officeDocument/2006/relationships/printerSettings
2025-04-02 15:44:43 DEBUG POIXMLFactory:65 - using default POIXMLDocumentPart for http://schemas.openxmlformats.org/officeDocument/2006/relationships/printerSettings
2025-04-02 15:44:43 DEBUG POIXMLFactory:65 - using default POIXMLDocumentPart for http://schemas.openxmlformats.org/officeDocument/2006/relationships/printerSettings
2025-04-02 15:44:43 DEBUG POIXMLFactory:65 - using default POIXMLDocumentPart for http://schemas.openxmlformats.org/officeDocument/2006/relationships/printerSettings
2025-04-02 15:44:53 INFO  BaseTest:24 - Starting Login Test...
2025-04-02 15:44:53 DEBUG PackageRelationshipCollection:309 - Parsing relationship: /xl/_rels/workbook.xml.rels
2025-04-02 15:44:53 DEBUG PackageRelationshipCollection:309 - Parsing relationship: /xl/worksheets/_rels/sheet1.xml.rels
2025-04-02 15:44:53 DEBUG PackageRelationshipCollection:309 - Parsing relationship: /xl/worksheets/_rels/sheet2.xml.rels
2025-04-02 15:44:53 DEBUG PackageRelationshipCollection:309 - Parsing relationship: /xl/worksheets/_rels/sheet3.xml.rels
2025-04-02 15:44:53 DEBUG PackageRelationshipCollection:309 - Parsing relationship: /xl/worksheets/_rels/sheet4.xml.rels
2025-04-02 15:44:53 DEBUG PackageRelationshipCollection:309 - Parsing relationship: /xl/worksheets/_rels/sheet5.xml.rels
2025-04-02 15:44:53 DEBUG PackageRelationshipCollection:309 - Parsing relationship: /xl/worksheets/_rels/sheet6.xml.rels
2025-04-02 15:44:53 DEBUG PackageRelationshipCollection:309 - Parsing relationship: /xl/worksheets/_rels/sheet7.xml.rels
2025-04-02 15:44:53 DEBUG PackageRelationshipCollection:309 - Parsing relationship: /xl/worksheets/_rels/sheet8.xml.rels
2025-04-02 15:44:53 DEBUG PackageRelationshipCollection:309 - Parsing relationship: /xl/worksheets/_rels/sheet9.xml.rels
2025-04-02 15:44:53 DEBUG PackageRelationshipCollection:309 - Parsing relationship: /_rels/.rels
2025-04-02 15:44:53 DEBUG POIXMLFactory:65 - using default POIXMLDocumentPart for http://schemas.openxmlformats.org/officeDocument/2006/relationships/printerSettings
2025-04-02 15:44:53 DEBUG POIXMLFactory:65 - using default POIXMLDocumentPart for http://schemas.openxmlformats.org/officeDocument/2006/relationships/printerSettings
2025-04-02 15:44:53 DEBUG POIXMLFactory:65 - using default POIXMLDocumentPart for http://schemas.openxmlformats.org/officeDocument/2006/relationships/printerSettings
2025-04-02 15:44:53 DEBUG POIXMLFactory:65 - using default POIXMLDocumentPart for http://schemas.openxmlformats.org/officeDocument/2006/relationships/printerSettings
2025-04-02 15:44:53 DEBUG POIXMLFactory:65 - using default POIXMLDocumentPart for http://schemas.openxmlformats.org/officeDocument/2006/relationships/printerSettings
2025-04-02 15:45:05 INFO  BaseTest:46 - added defect category page
2025-04-02 15:45:07 INFO  BaseTest:51 - Starting Login Test...
2025-04-02 15:45:07 DEBUG PackageRelationshipCollection:309 - Parsing relationship: /xl/_rels/workbook.xml.rels
2025-04-02 15:45:07 DEBUG PackageRelationshipCollection:309 - Parsing relationship: /xl/worksheets/_rels/sheet1.xml.rels
2025-04-02 15:45:07 DEBUG PackageRelationshipCollection:309 - Parsing relationship: /xl/worksheets/_rels/sheet2.xml.rels
2025-04-02 15:45:07 DEBUG PackageRelationshipCollection:309 - Parsing relationship: /xl/worksheets/_rels/sheet3.xml.rels
2025-04-02 15:45:07 DEBUG PackageRelationshipCollection:309 - Parsing relationship: /xl/worksheets/_rels/sheet4.xml.rels
2025-04-02 15:45:07 DEBUG PackageRelationshipCollection:309 - Parsing relationship: /xl/worksheets/_rels/sheet5.xml.rels
2025-04-02 15:45:07 DEBUG PackageRelationshipCollection:309 - Parsing relationship: /xl/worksheets/_rels/sheet6.xml.rels
2025-04-02 15:45:07 DEBUG PackageRelationshipCollection:309 - Parsing relationship: /xl/worksheets/_rels/sheet7.xml.rels
2025-04-02 15:45:07 DEBUG PackageRelationshipCollection:309 - Parsing relationship: /xl/worksheets/_rels/sheet8.xml.rels
2025-04-02 15:45:07 DEBUG PackageRelationshipCollection:309 - Parsing relationship: /xl/worksheets/_rels/sheet9.xml.rels
2025-04-02 15:45:07 DEBUG PackageRelationshipCollection:309 - Parsing relationship: /_rels/.rels
2025-04-02 15:45:07 DEBUG POIXMLFactory:65 - using default POIXMLDocumentPart for http://schemas.openxmlformats.org/officeDocument/2006/relationships/printerSettings
2025-04-02 15:45:07 DEBUG POIXMLFactory:65 - using default POIXMLDocumentPart for http://schemas.openxmlformats.org/officeDocument/2006/relationships/printerSettings
2025-04-02 15:45:07 DEBUG POIXMLFactory:65 - using default POIXMLDocumentPart for http://schemas.openxmlformats.org/officeDocument/2006/relationships/printerSettings
2025-04-02 15:45:07 DEBUG POIXMLFactory:65 - using default POIXMLDocumentPart for http://schemas.openxmlformats.org/officeDocument/2006/relationships/printerSettings
2025-04-02 15:45:07 DEBUG POIXMLFactory:65 - using default POIXMLDocumentPart for http://schemas.openxmlformats.org/officeDocument/2006/relationships/printerSettings
2025-04-02 15:45:17 INFO  BaseTest:75 - Login test passed.
2025-04-02 15:45:19 INFO  BaseTest:80 - Starting Login Test...
2025-04-02 15:45:19 DEBUG PackageRelationshipCollection:309 - Parsing relationship: /xl/_rels/workbook.xml.rels
2025-04-02 15:45:19 DEBUG PackageRelationshipCollection:309 - Parsing relationship: /xl/worksheets/_rels/sheet1.xml.rels
2025-04-02 15:45:19 DEBUG PackageRelationshipCollection:309 - Parsing relationship: /xl/worksheets/_rels/sheet2.xml.rels
2025-04-02 15:45:19 DEBUG PackageRelationshipCollection:309 - Parsing relationship: /xl/worksheets/_rels/sheet3.xml.rels
2025-04-02 15:45:19 DEBUG PackageRelationshipCollection:309 - Parsing relationship: /xl/worksheets/_rels/sheet4.xml.rels
2025-04-02 15:45:19 DEBUG PackageRelationshipCollection:309 - Parsing relationship: /xl/worksheets/_rels/sheet5.xml.rels
2025-04-02 15:45:19 DEBUG PackageRelationshipCollection:309 - Parsing relationship: /xl/worksheets/_rels/sheet6.xml.rels
2025-04-02 15:45:19 DEBUG PackageRelationshipCollection:309 - Parsing relationship: /xl/worksheets/_rels/sheet7.xml.rels
2025-04-02 15:45:19 DEBUG PackageRelationshipCollection:309 - Parsing relationship: /xl/worksheets/_rels/sheet8.xml.rels
2025-04-02 15:45:19 DEBUG PackageRelationshipCollection:309 - Parsing relationship: /xl/worksheets/_rels/sheet9.xml.rels
2025-04-02 15:45:19 DEBUG PackageRelationshipCollection:309 - Parsing relationship: /_rels/.rels
2025-04-02 15:45:19 DEBUG POIXMLFactory:65 - using default POIXMLDocumentPart for http://schemas.openxmlformats.org/officeDocument/2006/relationships/printerSettings
2025-04-02 15:45:19 DEBUG POIXMLFactory:65 - using default POIXMLDocumentPart for http://schemas.openxmlformats.org/officeDocument/2006/relationships/printerSettings
2025-04-02 15:45:19 DEBUG POIXMLFactory:65 - using default POIXMLDocumentPart for http://schemas.openxmlformats.org/officeDocument/2006/relationships/printerSettings
2025-04-02 15:45:19 DEBUG POIXMLFactory:65 - using default POIXMLDocumentPart for http://schemas.openxmlformats.org/officeDocument/2006/relationships/printerSettings
2025-04-02 15:45:19 DEBUG POIXMLFactory:65 - using default POIXMLDocumentPart for http://schemas.openxmlformats.org/officeDocument/2006/relationships/printerSettings
2025-04-02 15:45:35 INFO  BaseTest:102 - edit/updated a project details
2025-04-02 15:45:37 INFO  BaseTest:107 - Starting Login Test...
2025-04-02 15:45:37 DEBUG PackageRelationshipCollection:309 - Parsing relationship: /xl/_rels/workbook.xml.rels
2025-04-02 15:45:37 DEBUG PackageRelationshipCollection:309 - Parsing relationship: /xl/worksheets/_rels/sheet1.xml.rels
2025-04-02 15:45:37 DEBUG PackageRelationshipCollection:309 - Parsing relationship: /xl/worksheets/_rels/sheet2.xml.rels
2025-04-02 15:45:37 DEBUG PackageRelationshipCollection:309 - Parsing relationship: /xl/worksheets/_rels/sheet3.xml.rels
2025-04-02 15:45:37 DEBUG PackageRelationshipCollection:309 - Parsing relationship: /xl/worksheets/_rels/sheet4.xml.rels
2025-04-02 15:45:37 DEBUG PackageRelationshipCollection:309 - Parsing relationship: /xl/worksheets/_rels/sheet5.xml.rels
2025-04-02 15:45:37 DEBUG PackageRelationshipCollection:309 - Parsing relationship: /xl/worksheets/_rels/sheet6.xml.rels
2025-04-02 15:45:37 DEBUG PackageRelationshipCollection:309 - Parsing relationship: /xl/worksheets/_rels/sheet7.xml.rels
2025-04-02 15:45:37 DEBUG PackageRelationshipCollection:309 - Parsing relationship: /xl/worksheets/_rels/sheet8.xml.rels
2025-04-02 15:45:37 DEBUG PackageRelationshipCollection:309 - Parsing relationship: /xl/worksheets/_rels/sheet9.xml.rels
2025-04-02 15:45:37 DEBUG PackageRelationshipCollection:309 - Parsing relationship: /_rels/.rels
2025-04-02 15:45:38 DEBUG POIXMLFactory:65 - using default POIXMLDocumentPart for http://schemas.openxmlformats.org/officeDocument/2006/relationships/printerSettings
2025-04-02 15:45:38 DEBUG POIXMLFactory:65 - using default POIXMLDocumentPart for http://schemas.openxmlformats.org/officeDocument/2006/relationships/printerSettings
2025-04-02 15:45:38 DEBUG POIXMLFactory:65 - using default POIXMLDocumentPart for http://schemas.openxmlformats.org/officeDocument/2006/relationships/printerSettings
2025-04-02 15:45:38 DEBUG POIXMLFactory:65 - using default POIXMLDocumentPart for http://schemas.openxmlformats.org/officeDocument/2006/relationships/printerSettings
2025-04-02 15:45:38 DEBUG POIXMLFactory:65 - using default POIXMLDocumentPart for http://schemas.openxmlformats.org/officeDocument/2006/relationships/printerSettings
2025-04-02 15:45:44 INFO  BaseTest:123 - deleted a project details
2025-04-02 15:45:46 INFO  BaseTest:26 - Starting Login Test...
2025-04-02 15:45:46 DEBUG PackageRelationshipCollection:309 - Parsing relationship: /xl/_rels/workbook.xml.rels
2025-04-02 15:45:46 DEBUG PackageRelationshipCollection:309 - Parsing relationship: /xl/worksheets/_rels/sheet1.xml.rels
2025-04-02 15:45:46 DEBUG PackageRelationshipCollection:309 - Parsing relationship: /xl/worksheets/_rels/sheet2.xml.rels
2025-04-02 15:45:46 DEBUG PackageRelationshipCollection:309 - Parsing relationship: /xl/worksheets/_rels/sheet3.xml.rels
2025-04-02 15:45:46 DEBUG PackageRelationshipCollection:309 - Parsing relationship: /xl/worksheets/_rels/sheet4.xml.rels
2025-04-02 15:45:46 DEBUG PackageRelationshipCollection:309 - Parsing relationship: /xl/worksheets/_rels/sheet5.xml.rels
2025-04-02 15:45:46 DEBUG PackageRelationshipCollection:309 - Parsing relationship: /xl/worksheets/_rels/sheet6.xml.rels
2025-04-02 15:45:46 DEBUG PackageRelationshipCollection:309 - Parsing relationship: /xl/worksheets/_rels/sheet7.xml.rels
2025-04-02 15:45:46 DEBUG PackageRelationshipCollection:309 - Parsing relationship: /xl/worksheets/_rels/sheet8.xml.rels
2025-04-02 15:45:46 DEBUG PackageRelationshipCollection:309 - Parsing relationship: /xl/worksheets/_rels/sheet9.xml.rels
2025-04-02 15:45:46 DEBUG PackageRelationshipCollection:309 - Parsing relationship: /_rels/.rels
2025-04-02 15:45:47 DEBUG POIXMLFactory:65 - using default POIXMLDocumentPart for http://schemas.openxmlformats.org/officeDocument/2006/relationships/printerSettings
2025-04-02 15:45:47 DEBUG POIXMLFactory:65 - using default POIXMLDocumentPart for http://schemas.openxmlformats.org/officeDocument/2006/relationships/printerSettings
2025-04-02 15:45:47 DEBUG POIXMLFactory:65 - using default POIXMLDocumentPart for http://schemas.openxmlformats.org/officeDocument/2006/relationships/printerSettings
2025-04-02 15:45:47 DEBUG POIXMLFactory:65 - using default POIXMLDocumentPart for http://schemas.openxmlformats.org/officeDocument/2006/relationships/printerSettings
2025-04-02 15:45:47 DEBUG POIXMLFactory:65 - using default POIXMLDocumentPart for http://schemas.openxmlformats.org/officeDocument/2006/relationships/printerSettings
2025-04-02 15:45:53 INFO  BaseTest:39 - Entered user name and password.
2025-04-02 15:45:59 INFO  BaseTest:49 - added defect category page
2025-04-02 15:46:01 INFO  BaseTest:54 - Starting Login Test...
2025-04-02 15:46:01 DEBUG PackageRelationshipCollection:309 - Parsing relationship: /xl/_rels/workbook.xml.rels
2025-04-02 15:46:01 DEBUG PackageRelationshipCollection:309 - Parsing relationship: /xl/worksheets/_rels/sheet1.xml.rels
2025-04-02 15:46:01 DEBUG PackageRelationshipCollection:309 - Parsing relationship: /xl/worksheets/_rels/sheet2.xml.rels
2025-04-02 15:46:01 DEBUG PackageRelationshipCollection:309 - Parsing relationship: /xl/worksheets/_rels/sheet3.xml.rels
2025-04-02 15:46:01 DEBUG PackageRelationshipCollection:309 - Parsing relationship: /xl/worksheets/_rels/sheet4.xml.rels
2025-04-02 15:46:01 DEBUG PackageRelationshipCollection:309 - Parsing relationship: /xl/worksheets/_rels/sheet5.xml.rels
2025-04-02 15:46:01 DEBUG PackageRelationshipCollection:309 - Parsing relationship: /xl/worksheets/_rels/sheet6.xml.rels
2025-04-02 15:46:01 DEBUG PackageRelationshipCollection:309 - Parsing relationship: /xl/worksheets/_rels/sheet7.xml.rels
2025-04-02 15:46:01 DEBUG PackageRelationshipCollection:309 - Parsing relationship: /xl/worksheets/_rels/sheet8.xml.rels
2025-04-02 15:46:01 DEBUG PackageRelationshipCollection:309 - Parsing relationship: /xl/worksheets/_rels/sheet9.xml.rels
2025-04-02 15:46:01 DEBUG PackageRelationshipCollection:309 - Parsing relationship: /_rels/.rels
2025-04-02 15:46:01 DEBUG POIXMLFactory:65 - using default POIXMLDocumentPart for http://schemas.openxmlformats.org/officeDocument/2006/relationships/printerSettings
2025-04-02 15:46:01 DEBUG POIXMLFactory:65 - using default POIXMLDocumentPart for http://schemas.openxmlformats.org/officeDocument/2006/relationships/printerSettings
2025-04-02 15:46:01 DEBUG POIXMLFactory:65 - using default POIXMLDocumentPart for http://schemas.openxmlformats.org/officeDocument/2006/relationships/printerSettings
2025-04-02 15:46:01 DEBUG POIXMLFactory:65 - using default POIXMLDocumentPart for http://schemas.openxmlformats.org/officeDocument/2006/relationships/printerSettings
2025-04-02 15:46:01 DEBUG POIXMLFactory:65 - using default POIXMLDocumentPart for http://schemas.openxmlformats.org/officeDocument/2006/relationships/printerSettings
2025-04-02 15:46:11 INFO  BaseTest:74 - Login test passed.
2025-04-02 15:46:13 INFO  BaseTest:80 - Starting Login Test...
2025-04-02 15:46:13 DEBUG PackageRelationshipCollection:309 - Parsing relationship: /xl/_rels/workbook.xml.rels
2025-04-02 15:46:13 DEBUG PackageRelationshipCollection:309 - Parsing relationship: /xl/worksheets/_rels/sheet1.xml.rels
2025-04-02 15:46:13 DEBUG PackageRelationshipCollection:309 - Parsing relationship: /xl/worksheets/_rels/sheet2.xml.rels
2025-04-02 15:46:13 DEBUG PackageRelationshipCollection:309 - Parsing relationship: /xl/worksheets/_rels/sheet3.xml.rels
2025-04-02 15:46:13 DEBUG PackageRelationshipCollection:309 - Parsing relationship: /xl/worksheets/_rels/sheet4.xml.rels
2025-04-02 15:46:13 DEBUG PackageRelationshipCollection:309 - Parsing relationship: /xl/worksheets/_rels/sheet5.xml.rels
2025-04-02 15:46:13 DEBUG PackageRelationshipCollection:309 - Parsing relationship: /xl/worksheets/_rels/sheet6.xml.rels
2025-04-02 15:46:13 DEBUG PackageRelationshipCollection:309 - Parsing relationship: /xl/worksheets/_rels/sheet7.xml.rels
2025-04-02 15:46:13 DEBUG PackageRelationshipCollection:309 - Parsing relationship: /xl/worksheets/_rels/sheet8.xml.rels
2025-04-02 15:46:13 DEBUG PackageRelationshipCollection:309 - Parsing relationship: /xl/worksheets/_rels/sheet9.xml.rels
2025-04-02 15:46:13 DEBUG PackageRelationshipCollection:309 - Parsing relationship: /_rels/.rels
2025-04-02 15:46:13 DEBUG POIXMLFactory:65 - using default POIXMLDocumentPart for http://schemas.openxmlformats.org/officeDocument/2006/relationships/printerSettings
2025-04-02 15:46:13 DEBUG POIXMLFactory:65 - using default POIXMLDocumentPart for http://schemas.openxmlformats.org/officeDocument/2006/relationships/printerSettings
2025-04-02 15:46:13 DEBUG POIXMLFactory:65 - using default POIXMLDocumentPart for http://schemas.openxmlformats.org/officeDocument/2006/relationships/printerSettings
2025-04-02 15:46:13 DEBUG POIXMLFactory:65 - using default POIXMLDocumentPart for http://schemas.openxmlformats.org/officeDocument/2006/relationships/printerSettings
2025-04-02 15:46:13 DEBUG POIXMLFactory:65 - using default POIXMLDocumentPart for http://schemas.openxmlformats.org/officeDocument/2006/relationships/printerSettings
2025-04-02 15:46:29 INFO  BaseTest:102 - aaded the new defects
2025-04-02 15:46:31 INFO  BaseTest:107 - Starting Login Test...
2025-04-02 15:46:31 DEBUG PackageRelationshipCollection:309 - Parsing relationship: /xl/_rels/workbook.xml.rels
2025-04-02 15:46:31 DEBUG PackageRelationshipCollection:309 - Parsing relationship: /xl/worksheets/_rels/sheet1.xml.rels
2025-04-02 15:46:31 DEBUG PackageRelationshipCollection:309 - Parsing relationship: /xl/worksheets/_rels/sheet2.xml.rels
2025-04-02 15:46:31 DEBUG PackageRelationshipCollection:309 - Parsing relationship: /xl/worksheets/_rels/sheet3.xml.rels
2025-04-02 15:46:31 DEBUG PackageRelationshipCollection:309 - Parsing relationship: /xl/worksheets/_rels/sheet4.xml.rels
2025-04-02 15:46:31 DEBUG PackageRelationshipCollection:309 - Parsing relationship: /xl/worksheets/_rels/sheet5.xml.rels
2025-04-02 15:46:31 DEBUG PackageRelationshipCollection:309 - Parsing relationship: /xl/worksheets/_rels/sheet6.xml.rels
2025-04-02 15:46:31 DEBUG PackageRelationshipCollection:309 - Parsing relationship: /xl/worksheets/_rels/sheet7.xml.rels
2025-04-02 15:46:31 DEBUG PackageRelationshipCollection:309 - Parsing relationship: /xl/worksheets/_rels/sheet8.xml.rels
2025-04-02 15:46:31 DEBUG PackageRelationshipCollection:309 - Parsing relationship: /xl/worksheets/_rels/sheet9.xml.rels
2025-04-02 15:46:31 DEBUG PackageRelationshipCollection:309 - Parsing relationship: /_rels/.rels
2025-04-02 15:46:31 DEBUG POIXMLFactory:65 - using default POIXMLDocumentPart for http://schemas.openxmlformats.org/officeDocument/2006/relationships/printerSettings
2025-04-02 15:46:31 DEBUG POIXMLFactory:65 - using default POIXMLDocumentPart for http://schemas.openxmlformats.org/officeDocument/2006/relationships/printerSettings
2025-04-02 15:46:31 DEBUG POIXMLFactory:65 - using default POIXMLDocumentPart for http://schemas.openxmlformats.org/officeDocument/2006/relationships/printerSettings
2025-04-02 15:46:31 DEBUG POIXMLFactory:65 - using default POIXMLDocumentPart for http://schemas.openxmlformats.org/officeDocument/2006/relationships/printerSettings
2025-04-02 15:46:31 DEBUG POIXMLFactory:65 - using default POIXMLDocumentPart for http://schemas.openxmlformats.org/officeDocument/2006/relationships/printerSettings
2025-04-02 15:46:45 INFO  BaseTest:125 - Defect priority satus updated successfully!
2025-04-02 15:46:48 INFO  BaseTest:130 - Starting Login Test...
2025-04-02 15:46:48 DEBUG PackageRelationshipCollection:309 - Parsing relationship: /xl/_rels/workbook.xml.rels
2025-04-02 15:46:48 DEBUG PackageRelationshipCollection:309 - Parsing relationship: /xl/worksheets/_rels/sheet1.xml.rels
2025-04-02 15:46:48 DEBUG PackageRelationshipCollection:309 - Parsing relationship: /xl/worksheets/_rels/sheet2.xml.rels
2025-04-02 15:46:48 DEBUG PackageRelationshipCollection:309 - Parsing relationship: /xl/worksheets/_rels/sheet3.xml.rels
2025-04-02 15:46:48 DEBUG PackageRelationshipCollection:309 - Parsing relationship: /xl/worksheets/_rels/sheet4.xml.rels
2025-04-02 15:46:48 DEBUG PackageRelationshipCollection:309 - Parsing relationship: /xl/worksheets/_rels/sheet5.xml.rels
2025-04-02 15:46:48 DEBUG PackageRelationshipCollection:309 - Parsing relationship: /xl/worksheets/_rels/sheet6.xml.rels
2025-04-02 15:46:48 DEBUG PackageRelationshipCollection:309 - Parsing relationship: /xl/worksheets/_rels/sheet7.xml.rels
2025-04-02 15:46:48 DEBUG PackageRelationshipCollection:309 - Parsing relationship: /xl/worksheets/_rels/sheet8.xml.rels
2025-04-02 15:46:48 DEBUG PackageRelationshipCollection:309 - Parsing relationship: /xl/worksheets/_rels/sheet9.xml.rels
2025-04-02 15:46:48 DEBUG PackageRelationshipCollection:309 - Parsing relationship: /_rels/.rels
2025-04-02 15:46:48 DEBUG POIXMLFactory:65 - using default POIXMLDocumentPart for http://schemas.openxmlformats.org/officeDocument/2006/relationships/printerSettings
2025-04-02 15:46:48 DEBUG POIXMLFactory:65 - using default POIXMLDocumentPart for http://schemas.openxmlformats.org/officeDocument/2006/relationships/printerSettings
2025-04-02 15:46:48 DEBUG POIXMLFactory:65 - using default POIXMLDocumentPart for http://schemas.openxmlformats.org/officeDocument/2006/relationships/printerSettings
2025-04-02 15:46:48 DEBUG POIXMLFactory:65 - using default POIXMLDocumentPart for http://schemas.openxmlformats.org/officeDocument/2006/relationships/printerSettings
2025-04-02 15:46:48 DEBUG POIXMLFactory:65 - using default POIXMLDocumentPart for http://schemas.openxmlformats.org/officeDocument/2006/relationships/printerSettings
2025-04-02 15:46:56 INFO  BaseTest:147 - defect is deleted successfully !!
